### ------ WORKSHEET 4 ------###

Script started on 2024-04-11 01:15:27-04:00

Task 1:

bash-4.4$ vi ~/.bashrc
[?2004h[?1049h[22;0;0t[?1h=[?2004h[1;51r[?12h[?12l[27m[23m[29m[m[H[2J[?25l[51;1H"~/.bashrc" [New File][2;1H[94m~                                                                                                                                                                                                                    [3;1H~                                                                                                                                                                                                                    [4;1H~                                                                                                                                                                                                                    [5;1H~                                                                                                                                                                                                                    [6;1H~                                                                                                                                                                                                                    [7;1H~                                                                                                                                                                                                                    [8;1H~                                                                                                                                                                                                                    [9;1H~                                                                                                                                                                                                                    [10;1H~                                                                                                                                                                                                                    [11;1H~                                                                                                                                                                                                                    [12;1H~                                                                                                                                                                                                                    [13;1H~                                                                                                                                                                                                                    [14;1H~                                                                                                                                                                                                                    [15;1H~                                                                                                                                                                                                                    [16;1H~                                                                                                                                                                                                                    [17;1H~                                                                                                                                                                                                                    [18;1H~                                                                                                                                                                                                                    [19;1H~                                                                                                                                                                                                                    [20;1H~                                                                                                                                                                                                                    [21;1H~                                                                                                                                                                                                                    [22;1H~                                                                                                                                                                                                                    [23;1H~                                                                                                                                                                                                                    [24;1H~                                                                                                                                                                                                                    [25;1H~                                                                                                                                                                                                                    [26;1H~                                                                                                                                                                                                                    [27;1H~                                                                                                                                                                                                                    [28;1H~                                                                                                                                                                                                                    [29;1H~                                                                                                                                                                                                                    [30;1H~                                                                                                                                                                                                                    [31;1H~                                                                                                                                                                                                                    [32;1H~                                                                                                                                                                                                                    [33;1H~                                                                                                                                                                                                                    [34;1H~                                                                                                                                                                                                                    [35;1H~                                                                                                                                                                                                                    [36;1H~                                                                                                                                                                                                                    [37;1H~                                                                                                                                                                                                                    [38;1H~                                                                                                                                                                                                                    [39;1H~                                                                                                                                                                                                                    [40;1H~                                                                                                                                                                                                                    [41;1H~                                                                                                                                                                                                                    [42;1H~                                                                                                                                                                                                                    [43;1H~                                                                                                                                                                                                                    [44;1H~                                                                                                                                                                                                                    [45;1H~                                                                                                                                                                                                                    [46;1H~                                                                                                                                                                                                                    [47;1H~                                                                                                                                                                                                                    [48;1H~                                                                                                                                                                                                                    [49;1H~                                                                                                                                                                                                                    [50;1H~                                                                                                                                                                                                                    [1;1H[?25h[?25l[m[51;1H[1m-- INSERT --[m[51;13H[K[1;1H[?25h[?25la[?25h[?25ll[?25h[?25li[?25h[?25la[?25h[?25ls[?25h[?25l [?25h[?25ll[?25h[?25l=[?25h[?25l'[?25h[?25ll[?25h[?25ls[?25h[?25l-[?25h[?25l[1;12H[K[1;12H[?25h[?25l [?25h[?25l-[?25h[?25ll[?25h[?25ls[?25h[?25lt[?25h[?25lr[?25h[?25l'[?25h[?25l[2;1H[K[2;1H[?25h[?25la[?25h[?25ll[?25h[?25li[?25h[?25la[?25h[?25ls[?25h[?25l [?25h[?25lw[?25h[?25l=[?25h[?25l'[?25h[?25ll[?25h[?25ls[?25h[?25l [?25h[?25l-[?25h[?25ll[?25h[?25l [?25h[?25l|[?25h[?25l [?25h[?25lw[?25h[?25lc[?25h[?25l'[?25h[1;19H[?25l[2;50r[2;1H[L[1;51r[1;1H[K[2;1Halias l='ls -lstr'[?25h
[2;1H[1;1H[?25l#[?25h[?25l [?25h[?25l.[?25h[?25lb[?25h[?25la[?25h[?25ls[?25h[?25lh[?25h[?25lr[?25h[?25lc[?25h[2;10Hls -ls[?25ltr'[2;18H[K[2;15H[?25ht[3;16H[2;16H[3;16H| wc'[51;1H[K[3;20H[?25l[?25h[?25l[51;1H:[?2004h[?25hx[?25l[?2004l"~/.bashrc" [New] 3L, 49C written
[?2004l[?1l>[?25h[?1049l[23;0;0tbash-4.4$ cd ..
bash-4.4$ l
bash: l: command not found
bash-4.4$ source ~./[K[K/.bashrc
bash-4.4$ l
total 24
drwxrwxr-x 2 megansp24 megansp24 4096 Feb  1 18:51 Worksheet1
drwxrwxr-x 5 megansp24 megansp24 4096 Mar  1 01:08 Assignment1
drwxrwxr-x 2 megansp24 megansp24 4096 Mar 16 22:28 Worksheet2
drwxrwxr-x 2 megansp24 megansp24 4096 Mar 20 01:21 Assignment2
drwxrwxr-x 2 megansp24 megansp24 4096 Mar 26 14:42 Worksheet3
drwxrwxr-x 2 megansp24 megansp24 4096 Apr 11 01:15 Worksheet4
bash-4.4$ w
      7      56     383


Task 2:

bash-4.4$ cd Worksheet4
bash-4.4$ wget https://raw.githubusercontent.com/khanchandaniashish/CS131/main/Global%20YouTube%20Statistics.csv
--2024-04-11 01:18:10--  https://raw.githubusercontent.com/khanchandaniashish/CS131/main/Global%20YouTube%20Statistics.csv
Resolving raw.githubusercontent.com (raw.githubusercontent.com)... 185.199.108.133, 185.199.111.133, 185.199.110.133, ...
Connecting to raw.githubusercontent.com (raw.githubusercontent.com)|185.199.108.133|:443... connected.
HTTP request sent, awaiting response... 200 OK
Length: 200279 (196K) [text/plain]
Saving to: â€˜Global YouTube Statistics.csvâ€™

Global YouTube Statistics.csv                           0%[                                                                                                                       ]       0  --.-KB/s               Global YouTube Statistics.csv                         100%[======================================================================================================================>] 195.58K  --.-KB/s    in 0.01s   

2024-04-11 01:18:10 (17.8 MB/s) - â€˜Global YouTube Statistics.csvâ€™ saved [200279/200279]

bash-4.4$ ls
'Global YouTube Statistics.csv'   ws4.txt
bash-4.4$ mkdir Subscribers
bash-4.4$ ls
'Global YouTube Statistics.csv'   Subscribers   ws4.txt
bash-4.4$ cut -d ',' -f 3,8 'Global Youtube Statistics.csv' | r[Kgrep 'United States' | cut -d ',' -f 1 > U[KSubscribers/United_States.txt
cut: 'Global Youtube Statistics.csv': No such file or directory
bash-4.4$ cut -d ',' -f 3,8 'Global Youtube Statistics.csv' | grep 'United States' | cut -d ',' -f 1 > Subscribers/United_States.txt[C[1P[C[1P[1P[1P[1P[1P[1P[1P[1P[1P[1P[1P[1P[1P[1P[1P[1P[1P[1P[1P[1P[1P[1P[1P[1P[25@l YouTube Statistics.csv'
bash-4.4$ head -3 Subscribers/United_States.txt 
170000000
166000000
162000000
bash-4.4$ head -3 Subscribers/United_States.txt [C[C[C[C[C[C[C[C[C[Ccut -d ',' -f 3,8 'Global YouTube Statistics.csv' | grep 'United States' | cut -d ',' -f 1 > Subscribers/United_States.txt[C[1P[1P[1P[1P[1P[1P[1P[1P[1P[1P[1P[1P[1P[1@I[1@n[1@d[1@i[1@a[C[C[C[C[C[C[C[C[C[C[C[C[C[C[C[C[C[C[C[C[C[C[C[C[C[C[C[C[C[C[C[C[C[C[C[C[C[C[C[C[C[C[C[C[C[C[C[C[C[1P.txt[1P.txt[1P.txt[1P.txt[1P.txt[1P.txt[1P.txt[1P.txt[1P.txt[1P.txt[1P.txt[1P.txt[1P.txtI.txtn.txtd.txti.txta.txt[C[C[C[C
bash-4.4$ head -3 Subscribers/India.txt 
245000000
159000000
96700000
bash-4.4$ echo "Means (averages) of the number of sc[Kubscribers" > ws4_means.txt
bash-4.4$ ls
'Global YouTube Statistics.csv'   Subscribers   ws4_means.txt   ws4.txt
bash-4.4$ awk '{ sum += $1; n++ } END { print sum/n } ' United_States.txt[1@"[1@U[1@n[1@i[1@t[1@e[1@d[1@ [1@S[1@t[1@a[1@t[1@e[C[1@s[1@:[1@ [1@%[1@d[1@\[1@n[1@"[1@,[1@ [C[C[C[C[C[C[C[C[C[C[C[C[C[C[C[C[C[C[C[C[C[C[C[C[C[C[C[K[K[K[K[K[K[K[K[K[K[K[K[K[K[K[K[KSubscribers/United_States.txt >> ws4_means.txt 
bash-4.4$ awk '{ sum += $1; n++ } END { print "United States: %d\n", sum/n } ' Subscribers/United_States.txt >> ws4_means.txt [1P[1P[1P[1P[1P[1P[1P[1P[1P[1P[1P[1P[1P[1@I[1@n[1@i[1P[1@d[1@i[1@a[C[C[C[C[C[C[C[C[C[C[C[C[C[C[C[C[C[C[C[C[C[C[C[C[C[C[C[C[C[C[C[C[C[C[C[C[C[C[C[C[C[C[C[C[C[C[C[1P[1P[1P[1P[1P[1P[1P[1P[1P[1P[1P[C[1P[1P[1P[1P[1P[1P[1@I[8@ndia.txt
bash-4.4$ cat ws4_means.txt 
Means (averages) of the number of subscribers
United States: %d
 2.34169e+07
India: %d
 2.56583e+07
bash-4.4$ cat ws4_means.txt [C[C[C[C[C[C[C[C[C[C[82@awk '{ sum += $1; n++ } END { print "India: %d\n", sum/n } ' Subscribers/India.txt >>[C[C[C[C[C[C[C[C[C[C[C[C[C[C[C[C[C[C[C[C[C[C[C[C[C[C[C[C[C[C[C[C[C[C[C[C[C[C[C[C[C[C[C[C[C[C[C[C[C[C[C[C[C[C[C[C[C[C[C[C[C[C[16@United States: %d\n", sum/n } ' Subscribers/United_States[C[C[C[C[C[C[C[C[C[C[C[C[C[C[C[C[C[C[C[C[C[C[1P[C[1P[1P[1P[1P[1@ [C[C[C
bash-4.4$ awk '{ sum += $1; n++ } END { print "United States: ", sum/n } ' Subscribers/United_States.txt >> ws4_means.txt [C[C[C[C[C[C[C[C[C[Ccat ws4_means.txt [K[C[C[C[C[C[C[C[C[C[C[82@awk '{ sum += $1; n++ } END { print "India: %d\n", sum/n } ' Subscribers/India.txt >>[C[C[C[C[C[C[C[C[C[C[C[C[C[C[C[C[1P[1P[1P[1P
bash-4.4$ cat ws4_means.txt 
Means (averages) of the number of subscribers
United States: %d
 2.34169e+07
India: %d
 2.56583e+07
United States:  2.34169e+07
India:  2.56583e+07
bash-4.4$ cat ws4_means.txt [C[C[C[C[C[C[C[C[C[C[78@awk '{ sum += $1; n++ } END { print "India: ", sum/n } ' Subscribers/India.txt >>[C[C[C[C[C[C[C[C[C[C[C[C[C[C[C[C[C[C[C[C[C[C[C[C[C[C[C[C[C[C[C[C[C[C[C[C[C[C[C[C[C[C[C[C[C[C[C[C[C[C[C[C[C[C[C[C[C[C[C[C[C[C[16@United States: ", sum/n } ' Subscribers/United_States[C[C[C[C[C[C[C[C[C[C[C[C[C[C[C[C[C[C[C[C[C[C[1@"[C[1@"[C[C[C[C[C[C[C[C[C[C[C[C[C[C[C[C[C[C[C[C[C[C[C[C[C[C[C[C[C[C[C[C[C[C[C[C[C[C[C[C[C[C[C[C[C[C[C[C[C[C[C[C[C
bash-4.4$ cat[K[K[Kawk '{ sum += $1; n++ } END { print "United States: ", sum"/"n } ' Subscribers/United_States.txt >> ws4_means.txt [C[C[C[C[C[C[C[C[C[Ccat ws4_means.txt [K[C[C[C[C[C[C[C[C[C[C[78@awk '{ sum += $1; n++ } END { print "India: ", sum/n } ' Subscribers/India.txt >>[C[C[C[C[C[C[C[C[C[C[C[C[C[C[C[1@"[1@"[C[C[C[C[C[C[C[C[C[C[C[C[1P[C[1P[1@:[C[C[C[C[C[C[C[C[C[C[C
bash-4.4$ cat me[K[Kws3[K4_means.txt 
Means (averages) of the number of subscribers
United States: %d
 2.34169e+07
India: %d
 2.56583e+07
United States:  2.34169e+07
India:  2.56583e+07
United States:  7329500000/313
India: 4310600000/168
bash-4.4$ cat ws4_means.txt [C[C[C[C[C[C[C[C[C[C[79@awk '{ sum += $1; n++ } END { print "India:", sum"/"n } ' Subscribers/India.txt >>[C[C[C[C[C[C[C[C[C[C[C[C[C[C[C[C[C[C[C[C[C[C[C[C[C[C[C[C[C[C[C[C[C[C[C[C[C[C[C[C[C[C[C[C[C[C[C[C[C[C[C[C[C[C[C[C[C[C[C[C[C[C[17@United States: ", sum"/"n } ' Subscribers/United_States[C[C[C[C[C[C[C[C[C[C[C[C[C[C[C[C[C[C[C[C[C[C[C[1@ [1@|[C[1@ [1@b[1@c[C[1@ 
(standard_in) 1: syntax error
(standard_in) 1: illegal character: :
bash-4.4$ awk '{ sum += $1; n++ } END { print sum"/"n }' United_States.txt | bc > ws4_means.txt[C[C[1@ [1@"[1@U[1@n[1@i[1@t[1@e[1@d[C[1@ [1@S[1@t[1@a[1@t[1@e[1@s[1@:[1@"[1@,[C[C[C[C[C[C[C[C[C[C[C[C[C[C[C[C[C[C[C[C[C[C[C[C[C[C[C[C[C[C[C[C[C[C[C[C[C[C[C[C[C[C[C[C[C[C[C[C[C[C[K[K[K[K[K[K[K[K[K[K[K[K[K[K[K[K
awk: fatal: cannot open file `United_States.txt' for reading (No such file or directory)
bash-4.4$ awk '{ sum += $1; n++ } END { print "United States:", sum"/"n }' United_States.txt | bc[1@S[1@u[1@b[1@s[1@c[1@r[1@i[1@b[1@e[1@r[1@s[1@/
(standard_in) 1: syntax error
(standard_in) 1: illegal character: :
bash-4.4$ awk '{ sum += $1; n++ } END { print "United States:", sum"/"n }' Subscribers/United_States.txt | bc[1@f[C[C[C
(standard_in) 1: syntax error
(standard_in) 1: illegal character: :
bash-4.4$ awk '{ sum += $1; n++ } END { printf "United States:", sum"/"n }' Subscribers/United_States.txt | bc[C[1P[1P[1P[1P[1P[1P[1P[1P[1P[1P[1P[1P[1P[1P[1P[1P[1P[1P[1P[1P[1@ 
23416932
bash-4.4$ awk '{ sum += $1; n++ } END { print sum"/"n }' Subscribers/United_States.txt | bc >> ws4_mena[K[Kans.txt
bash-4.4$ awk '{ sum += $1; n++ } END { print sum"/"n }' Subscribers/United_States.txt | bc >> ws4_means.txt[K[19@f "United States:",[C[C[C[C[C[C[C[C[C[C[C[C[C[C[C[C[C[C[C[C[C[C[C[C[C[C[C[C[C[C[C[C[C[C[C[C[C[C[C[C[C[C[C[C[C[C[C[C[C[C[C[C[C[C[C[C[C[C[C[C[C[C[C[C[C[C[C[C[C[C[C[C[C[C[C[C[C[C[C[C[C[C[C[C[C[C[C[C[C[C[C[19P[C[C[C[C[C[C[C[C[C[C[C[C[C[C[C[C[C[C[C[C[C[C[C[C[C[C[C[C[C[C[C[C[C[C[C[C[C[C[C[C[C[C[C[C[C[C >> ws4_means.txt[C[1P[1P[1P[1P[1P[1P[1P[1P[1P[1P[1P[1P[1P[1@O[1P[1@I[1@n[1@d[1@i[1@a
bash-4.4$ cat ws4_means.txt 
Means (averages) of the number of subscribers
United States: %d
 2.34169e+07
India: %d
 2.56583e+07
United States:  2.34169e+07
India:  2.56583e+07
United States:  7329500000/313
India: 4310600000/168
23416932
25658333
bash-4.4$ exit

Script done on 2024-04-11 01:33:07-04:00
